// Jest Snapshot v1, https://goo.gl/fbAQLP

exports[`AuthorsPage render AuthorsPage with loading spinner 1`] = `
Array [
  <h2>
    Authors
  </h2>,
  <div
    className="loader"
  >
    Loading...
  </div>,
]
`;

exports[`AuthorsPage render AuthorsPage with mock AuthorList 1`] = `
Array [
  <h2>
    Authors
  </h2>,
  <button
    className="btn btn-primary add-course"
    onClick={[Function]}
    style={
      Object {
        "marginBottom": 20,
      }
    }
    type="button"
  >
    Add Author
  </button>,
  <input
    className="form-control"
    id="filter-courses"
    name="filter"
    onChange={[Function]}
    placeholder="Filter authors"
    type="text"
  />,
  <div
    className="author-list-mock"
  />,
]
`;
